src/app/clientes/[id]/tabs/fuentes-pago-tab.tsx(298,43): error TS2339: Property 'manzanas' does not exist on type '{ valor_base: number; numero: string; estado: string; }'.
src/app/clientes/[id]/tabs/fuentes-pago-tab.tsx(299,48): error TS2339: Property 'manzanas' does not exist on type '{ valor_base: number; numero: string; estado: string; }'.
src/app/clientes/[id]/tabs/fuentes-pago-tab.tsx(344,11): error TS2322: Type 'import("D:/constructoraRyRapp/constructoraRyRapp/src/modules/clientes/services/fuentes-pago.service").FuentePago[]' is not assignable to type 'import("D:/constructoraRyRapp/constructoraRyRapp/src/modules/clientes/types/fuentes-pago").FuentePago[]'.
  Type 'FuentePago' is missing the following properties from type 'FuentePago': fecha_resolucion, fecha_acta
src/app/clientes/[id]/tabs/fuentes-pago-tab.tsx(354,11): error TS2322: Type 'import("D:/constructoraRyRapp/constructoraRyRapp/src/modules/configuracion/types/tipos-fuentes-pago.types").TipoFuentePago[]' is not assignable to type 'import("D:/constructoraRyRapp/constructoraRyRapp/src/modules/clientes/types/fuentes-pago").TipoFuentePago[]'.
  Type 'import("D:/constructoraRyRapp/constructoraRyRapp/src/modules/configuracion/types/tipos-fuentes-pago.types").TipoFuentePago' is not assignable to type 'import("D:/constructoraRyRapp/constructoraRyRapp/src/modules/clientes/types/fuentes-pago").TipoFuentePago'.
src/app/clientes/[id]/tabs/fuentes-pago/components/ListaFuentes.tsx(168,37): error TS2339: Property 'id' does not exist on type 'TipoFuentePago'.
  Property 'id' does not exist on type '"Cuota Inicial"'.
src/app/clientes/[id]/tabs/fuentes-pago/components/ListaFuentes.tsx(169,63): error TS2339: Property 'nombre' does not exist on type 'TipoFuentePago'.
  Property 'nombre' does not exist on type '"Cuota Inicial"'.
src/app/clientes/[id]/tabs/fuentes-pago/components/ListaFuentes.tsx(172,35): error TS2339: Property 'nombre' does not exist on type 'TipoFuentePago'.
  Property 'nombre' does not exist on type '"Cuota Inicial"'.
src/app/clientes/[id]/tabs/fuentes-pago/components/ListaFuentes.tsx(231,43): error TS18048: 'docEstado.documentos.total' is possibly 'undefined'.
src/app/clientes/[id]/tabs/fuentes-pago/hooks/useFuentesPagoTab.ts(324,12): error TS7053: Element implicitly has an 'any' type because expression of type 'string' can't be used to index type '{ blue: string; green: string; purple: string; orange: string; red: string; cyan: string; pink: string; indigo: string; yellow: string; emerald: string; }'.
  No index signature with a parameter of type 'string' was found on type '{ blue: string; green: string; purple: string; orange: string; red: string; cyan: string; pink: string; indigo: string; yellow: string; emerald: string; }'.
src/app/clientes/[id]/tabs/fuentes-pago/hooks/useFuentesPagoTab.ts(445,62): error TS2345: Argument of type 'string' is not assignable to parameter of type 'TipoFuentePago'.
src/app/clientes/[id]/tabs/fuentes-pago/hooks/useFuentesPagoTab.ts(463,64): error TS2345: Argument of type 'string' is not assignable to parameter of type 'TipoFuentePago'.
src/app/clientes/[id]/tabs/vivienda-asignada-tab.tsx(70,5): error TS2339: Property 'tieneDocumentoFisico' does not exist on type '{ viviendas: NegociacionConValores[]; viviendaActiva: NegociacionConValores | null; isLoading: boolean; isLoadingDetalle: boolean; ... 28 more ...; guardarFuentes: (fuentes: FuentePagoEditable[], motivoCambio: string) => Promise<...>; }'.
src/app/clientes/[id]/tabs/vivienda-asignada-tab.tsx(71,5): error TS2339: Property 'cargandoDoc' does not exist on type '{ viviendas: NegociacionConValores[]; viviendaActiva: NegociacionConValores | null; isLoading: boolean; isLoadingDetalle: boolean; ... 28 more ...; guardarFuentes: (fuentes: FuentePagoEditable[], motivoCambio: string) => Promise<...>; }'.
src/app/clientes/[id]/tabs/vivienda-asignada-tab.tsx(305,11): error TS2322: Type '(fuentes: FuentePagoEditable[], motivoCambio: string) => Promise<void>' is not assignable to type '(fuentes: FuentePagoEditable[]) => Promise<void>'.
  Target signature provides too few arguments. Expected 2 or more, but got 1.
src/app/clientes/[id]/tabs/vivienda-asignada-tab.tsx(493,9): error TS2322: Type '(datos: MarcarPasoCompletadoDTO) => Promise<void>' is not assignable to type '(datos: { fecha_completado: string; documento_id?: string | undefined; observaciones?: string | undefined; }) => Promise<void>'.
  Types of parameters 'datos' and 'datos' are incompatible.
    Property 'pasoId' is missing in type '{ fecha_completado: string; documento_id?: string | undefined; observaciones?: string | undefined; }' but required in type 'MarcarPasoCompletadoDTO'.
src/app/clientes/[id]/tabs/vivienda-asignada/hooks/useEditarFuentesPago.ts(63,21): error TS2339: Property 'detalles' does not exist on type 'FuentePagoEditable'.
src/modules/clientes/components/asignar-vivienda/hooks/useFuentesPago.ts(77,99): error TS2345: Argument of type '{}' is not assignable to parameter of type 'Record<TipoFuentePago, FuentePagoErrores> | (() => Record<TipoFuentePago, FuentePagoErrores>)'.
src/modules/clientes/components/asignar-vivienda/hooks/useFuentesPago.ts(160,16): error TS2345: Argument of type '(prev: FuentePagoConfiguracion[]) => (FuentePagoConfiguracion | { enabled: boolean; config: { tipo: TipoFuentePago; monto_aprobado: number; permite_multiples_abonos: boolean; } | null; tipo: TipoFuentePago; })[]' is not assignable to parameter of type 'SetStateAction<FuentePagoConfiguracion[]>'.
  Type '(prev: FuentePagoConfiguracion[]) => (FuentePagoConfiguracion | { enabled: boolean; config: { tipo: TipoFuentePago; monto_aprobado: number; permite_multiples_abonos: boolean; } | null; tipo: TipoFuentePago; })[]' is not assignable to type '(prevState: FuentePagoConfiguracion[]) => FuentePagoConfiguracion[]'.
    Type '(FuentePagoConfiguracion | { enabled: boolean; config: { tipo: TipoFuentePago; monto_aprobado: number; permite_multiples_abonos: boolean; } | null; tipo: TipoFuentePago; })[]' is not assignable to type 'FuentePagoConfiguracion[]'.
      Type 'FuentePagoConfiguracion | { enabled: boolean; config: { tipo: TipoFuentePago; monto_aprobado: number; permite_multiples_abonos: boolean; } | null; tipo: TipoFuentePago; }' is not assignable to type 'FuentePagoConfiguracion'.
        Type '{ enabled: boolean; config: { tipo: TipoFuentePago; monto_aprobado: number; permite_multiples_abonos: boolean; } | null; tipo: TipoFuentePago; }' is not assignable to type 'FuentePagoConfiguracion'.
          Types of property 'config' are incompatible.
            Type '{ tipo: TipoFuentePago; monto_aprobado: number; permite_multiples_abonos: boolean; } | null' is not assignable to type 'FuentePagoConfig | null'.
              Property 'campos' is missing in type '{ tipo: TipoFuentePago; monto_aprobado: number; permite_multiples_abonos: boolean; }' but required in type 'FuentePagoConfig'.
src/modules/clientes/components/asignar-vivienda/hooks/useFuentesPago.ts(220,5): error TS2322: Type '{ tipo: TipoFuentePago; monto_aprobado: number | undefined; entidad: string | undefined; numero_referencia: string | undefined; carta_aprobacion_url: string | undefined; carta_asignacion_url: string | undefined; permite_multiples_abonos: boolean; }[]' is not assignable to type 'CrearFuentePagoDTO[]'.
  Type '{ tipo: TipoFuentePago; monto_aprobado: number | undefined; entidad: string | undefined; numero_referencia: string | undefined; carta_aprobacion_url: string | undefined; carta_asignacion_url: string | undefined; permite_multiples_abonos: boolean; }' is not assignable to type 'CrearFuentePagoDTO'.
    Types of property 'monto_aprobado' are incompatible.
      Type 'number | undefined' is not assignable to type 'number'.
        Type 'undefined' is not assignable to type 'number'.
src/modules/clientes/components/asignar-vivienda/utils/subir-documentos-fuentes.ts(70,49): error TS2554: Expected 2 arguments, but got 1.
src/modules/clientes/components/asignar-vivienda/utils/subir-documentos-fuentes.ts(85,20): error TS2339: Property 'url_archivo' does not exist on type 'DocumentoProyecto'.
src/modules/clientes/components/asignar-vivienda/utils/subir-documentos-fuentes.ts(103,16): error TS2339: Property 'archivo' does not exist on type 'FuentePagoConfig'.
src/modules/clientes/components/asignar-vivienda/utils/subir-documentos-fuentes.ts(113,27): error TS2339: Property 'archivo' does not exist on type 'FuentePagoConfig'.
src/modules/clientes/components/documentos/seccion-documentos-identidad.tsx(177,21): error TS2322: Type 'string | null' is not assignable to type 'boolean | undefined'.
  Type 'null' is not assignable to type 'boolean | undefined'.
src/modules/clientes/documentos/components/documentos-lista-cliente.tsx(216,21): error TS2322: Type '{ key: any; documento: any; categoria: any; tipoEntidad: "cliente"; onView: (_doc: any) => void; onDownload: (_doc: any) => void; onToggleImportante: (_doc: any) => Promise<void>; onArchive: (_doc: any) => Promise<...>; ... 4 more ...; onAsignarCategoria: ((_doc: any) => void) | undefined; }' is not assignable to type 'IntrinsicAttributes & DocumentoCardHorizontalProps'.
  Property 'moduleName' does not exist on type 'IntrinsicAttributes & DocumentoCardHorizontalProps'.
src/modules/clientes/pages/asignar-vivienda/hooks/useAsignarViviendaPage.ts(395,52): error TS2339: Property 'tieneCartasAhora' does not exist on type '{ cargandoTipos: boolean; tiposFuentesDisponibles: string[]; fuentes: FuentePagoConfiguracion[]; fuentesActivas: FuentePagoConfiguracion[]; ... 8 more ...; obtenerFuentesParaCrear: () => CrearFuentePagoDTO[]; }'.
src/modules/clientes/pages/asignar-vivienda/hooks/useAsignarViviendaPage.ts(444,48): error TS2345: Argument of type '{ clienteId: string; fuentePagoId: string; tipoFuente: TipoFuentePago; entidad: string | null; manzana: string; numeroVivienda: string; }[]' is not assignable to parameter of type 'CrearDocumentoPendienteParams[]'.
  Type '{ clienteId: string; fuentePagoId: string; tipoFuente: TipoFuentePago; entidad: string | null; manzana: string; numeroVivienda: string; }' is not assignable to type 'CrearDocumentoPendienteParams'.
    Types of property 'entidad' are incompatible.
      Type 'string | null' is not assignable to type 'string | undefined'.
        Type 'null' is not assignable to type 'string | undefined'.
src/modules/clientes/services/fuentes-pago.service.ts(75,10): error TS2769: No overload matches this call.
  Overload 1 of 2, '(values: { carta_aprobacion_url?: string | null | undefined; carta_asignacion_url?: string | null | undefined; entidad?: string | null | undefined; entidad_financiera_id?: string | null | undefined; ... 21 more ...; version_negociacion?: number | undefined; }, options?: { ...; } | undefined): PostgrestFilterBuilder<...>', gave the following error.
    Argument of type '{ negociacion_id: string; tipo: TipoFuentePago; monto_aprobado: number; monto_recibido: number; entidad: string | undefined; numero_referencia: string | undefined; permite_multiples_abonos: boolean; estado: string; }' is not assignable to parameter of type '{ carta_aprobacion_url?: string | null | undefined; carta_asignacion_url?: string | null | undefined; entidad?: string | null | undefined; entidad_financiera_id?: string | null | undefined; ... 21 more ...; version_negociacion?: number | undefined; }'.
      Property 'tipo_fuente_id' is missing in type '{ negociacion_id: string; tipo: TipoFuentePago; monto_aprobado: number; monto_recibido: number; entidad: string | undefined; numero_referencia: string | undefined; permite_multiples_abonos: boolean; estado: string; }' but required in type '{ carta_aprobacion_url?: string | null | undefined; carta_asignacion_url?: string | null | undefined; entidad?: string | null | undefined; entidad_financiera_id?: string | null | undefined; ... 21 more ...; version_negociacion?: number | undefined; }'.
  Overload 2 of 2, '(values: { carta_aprobacion_url?: string | null | undefined; carta_asignacion_url?: string | null | undefined; entidad?: string | null | undefined; entidad_financiera_id?: string | null | undefined; ... 21 more ...; version_negociacion?: number | undefined; }[], options?: { ...; } | undefined): PostgrestFilterBuilder<...>', gave the following error.
    Object literal may only specify known properties, and 'negociacion_id' does not exist in type '{ carta_aprobacion_url?: string | null | undefined; carta_asignacion_url?: string | null | undefined; entidad?: string | null | undefined; entidad_financiera_id?: string | null | undefined; ... 21 more ...; version_negociacion?: number | undefined; }[]'.
src/modules/documentos/components/lista/documentos-papelera-contextual.tsx(47,5): error TS2339: Property 'restaurarDocumento' does not exist on type '{ documentosEliminados: DocumentoEliminadoJerarquico[]; isLoading: boolean; error: string | null; cantidadEliminados: number; versionesSeleccionadas: Record<...>; ... 7 more ...; isEliminandoPermanente: boolean; }'.
src/modules/documentos/components/lista/documentos-papelera-contextual.tsx(48,5): error TS2339: Property 'eliminarDefinitivo' does not exist on type '{ documentosEliminados: DocumentoEliminadoJerarquico[]; isLoading: boolean; error: string | null; cantidadEliminados: number; versionesSeleccionadas: Record<...>; ... 7 more ...; isEliminandoPermanente: boolean; }'.
src/modules/documentos/hooks/useDocumentosLista.ts(270,24): error TS2339: Property 'versiones' does not exist on type '{ total: number; actual: number; }'.
src/modules/documentos/hooks/useDocumentosLista.ts(281,30): error TS7006: Parameter 'v' implicitly has an 'any' type.
src/modules/documentos/hooks/useDocumentosLista.ts(299,41): error TS2345: Argument of type '{ title: string; message: string; confirmText: string; cancelText: string; variant: string; }' is not assignable to parameter of type 'string'.
src/modules/documentos/hooks/useDocumentoUpload.ts(231,11): error TS2322: Type 'string | null | undefined' is not assignable to type 'string | undefined'.
  Type 'null' is not assignable to type 'string | undefined'.
src/modules/documentos/services/documentos-base.service.ts(166,37): error TS2589: Type instantiation is excessively deep and possibly infinite.
src/modules/documentos/services/documentos-base.service.ts(167,15): error TS2769: No overload matches this call.
  Overload 1 of 2, '(relation: "abonos_historial" | "fuentes_pago" | "negociaciones" | "audit_log" | "audit_log_seguridad" | "categorias_documento" | "cliente_intereses" | "clientes" | "proyectos" | ... 25 more ... | "viviendas_historial_matriculas"): PostgrestQueryBuilder<...>', gave the following error.
    Argument of type 'string' is not assignable to parameter of type '"abonos_historial" | "fuentes_pago" | "negociaciones" | "audit_log" | "audit_log_seguridad" | "categorias_documento" | "cliente_intereses" | "clientes" | "proyectos" | "viviendas" | ... 24 more ... | "viviendas_historial_matriculas"'.
  Overload 2 of 2, '(relation: "fuentes_pago_con_entidad" | "negociaciones_con_version_actual" | "v_negociaciones_completas" | "vista_descuentos_aplicados" | "v_renuncias_pendientes" | "vista_abonos_completos" | ... 9 more ... | "vista_documentos_pendientes_fuentes"): PostgrestQueryBuilder<...>', gave the following error.
    Argument of type 'string' is not assignable to parameter of type '"fuentes_pago_con_entidad" | "negociaciones_con_version_actual" | "v_negociaciones_completas" | "vista_descuentos_aplicados" | "v_renuncias_pendientes" | "vista_abonos_completos" | ... 9 more ... | "vista_documentos_pendientes_fuentes"'.
src/modules/documentos/services/documentos-eliminacion.service.ts(36,40): error TS2339: Property 'documento_padre_id' does not exist on type 'SelectQueryError<"Invalid Relationships cannot infer result type"> | SelectQueryError<"Invalid RelationName cannot infer result type">'.
  Property 'documento_padre_id' does not exist on type 'SelectQueryError<"Invalid Relationships cannot infer result type">'.
src/modules/documentos/services/documentos-eliminacion.service.ts(69,40): error TS2339: Property 'documento_padre_id' does not exist on type 'SelectQueryError<"Invalid Relationships cannot infer result type"> | SelectQueryError<"Invalid RelationName cannot infer result type">'.
  Property 'documento_padre_id' does not exist on type 'SelectQueryError<"Invalid Relationships cannot infer result type">'.
src/modules/documentos/services/documentos-eliminacion.service.ts(129,40): error TS2339: Property 'documento_padre_id' does not exist on type 'SelectQueryError<"Invalid Relationships cannot infer result type"> | SelectQueryError<"Invalid RelationName cannot infer result type">'.
  Property 'documento_padre_id' does not exist on type 'SelectQueryError<"Invalid Relationships cannot infer result type">'.
src/modules/documentos/services/documentos-eliminacion.service.ts(143,51): error TS2339: Property 'id' does not exist on type 'SelectQueryError<"Invalid Relationships cannot infer result type"> | SelectQueryError<"Invalid RelationName cannot infer result type">'.
  Property 'id' does not exist on type 'SelectQueryError<"Invalid Relationships cannot infer result type">'.
src/modules/documentos/services/documentos-eliminacion.service.ts(156,34): error TS2339: Property 'id' does not exist on type 'SelectQueryError<"Invalid Relationships cannot infer result type"> | SelectQueryError<"Invalid RelationName cannot infer result type">'.
  Property 'id' does not exist on type 'SelectQueryError<"Invalid Relationships cannot infer result type">'.
src/modules/documentos/services/documentos-eliminacion.service.ts(210,40): error TS2339: Property 'documento_padre_id' does not exist on type 'SelectQueryError<"Invalid Relationships cannot infer result type"> | SelectQueryError<"Invalid RelationName cannot infer result type">'.
  Property 'documento_padre_id' does not exist on type 'SelectQueryError<"Invalid Relationships cannot infer result type">'.
src/modules/documentos/services/documentos-eliminacion.service.ts(273,19): error TS2339: Property 'documento_padre_id' does not exist on type 'SelectQueryError<"Invalid Relationships cannot infer result type"> | SelectQueryError<"Invalid RelationName cannot infer result type">'.
  Property 'documento_padre_id' does not exist on type 'SelectQueryError<"Invalid Relationships cannot infer result type">'.
src/modules/documentos/services/documentos-eliminacion.service.ts(278,29): error TS2339: Property 'documento_padre_id' does not exist on type 'SelectQueryError<"Invalid Relationships cannot infer result type"> | SelectQueryError<"Invalid RelationName cannot infer result type">'.
  Property 'documento_padre_id' does not exist on type 'SelectQueryError<"Invalid Relationships cannot infer result type">'.
src/modules/documentos/services/documentos-eliminacion.service.ts(285,30): error TS2339: Property 'id' does not exist on type 'SelectQueryError<"Invalid Relationships cannot infer result type"> | SelectQueryError<"Invalid RelationName cannot infer result type">'.
  Property 'id' does not exist on type 'SelectQueryError<"Invalid Relationships cannot infer result type">'.
src/modules/documentos/services/documentos-eliminacion.service.ts(285,64): error TS2339: Property 'id' does not exist on type 'SelectQueryError<"Invalid Relationships cannot infer result type"> | SelectQueryError<"Invalid RelationName cannot infer result type">'.
  Property 'id' does not exist on type 'SelectQueryError<"Invalid Relationships cannot infer result type">'.
src/modules/documentos/services/documentos-eliminacion.service.ts(289,57): error TS2339: Property 'id' does not exist on type 'SelectQueryError<"Invalid Relationships cannot infer result type"> | SelectQueryError<"Invalid RelationName cannot infer result type">'.
  Property 'id' does not exist on type 'SelectQueryError<"Invalid Relationships cannot infer result type">'.
src/modules/documentos/services/documentos-eliminacion.service.ts(301,55): error TS2339: Property 'id' does not exist on type 'SelectQueryError<"Invalid Relationships cannot infer result type"> | SelectQueryError<"Invalid RelationName cannot infer result type">'.
  Property 'id' does not exist on type 'SelectQueryError<"Invalid Relationships cannot infer result type">'.
src/modules/documentos/services/documentos-eliminacion.service.ts(345,19): error TS2339: Property 'documento_padre_id' does not exist on type 'SelectQueryError<"Invalid Relationships cannot infer result type"> | SelectQueryError<"Invalid RelationName cannot infer result type">'.
  Property 'documento_padre_id' does not exist on type 'SelectQueryError<"Invalid Relationships cannot infer result type">'.
src/modules/documentos/services/documentos-eliminacion.service.ts(349,29): error TS2339: Property 'documento_padre_id' does not exist on type 'SelectQueryError<"Invalid Relationships cannot infer result type"> | SelectQueryError<"Invalid RelationName cannot infer result type">'.
  Property 'documento_padre_id' does not exist on type 'SelectQueryError<"Invalid Relationships cannot infer result type">'.
src/modules/documentos/services/documentos-eliminacion.service.ts(356,30): error TS2339: Property 'id' does not exist on type 'SelectQueryError<"Invalid Relationships cannot infer result type"> | SelectQueryError<"Invalid RelationName cannot infer result type">'.
  Property 'id' does not exist on type 'SelectQueryError<"Invalid Relationships cannot infer result type">'.
src/modules/documentos/services/documentos-eliminacion.service.ts(356,64): error TS2339: Property 'id' does not exist on type 'SelectQueryError<"Invalid Relationships cannot infer result type"> | SelectQueryError<"Invalid RelationName cannot infer result type">'.
  Property 'id' does not exist on type 'SelectQueryError<"Invalid Relationships cannot infer result type">'.
src/modules/documentos/services/documentos-eliminacion.service.ts(363,67): error TS2339: Property 'url_storage' does not exist on type 'SelectQueryError<"Invalid Relationships cannot infer result type"> | SelectQueryError<"Invalid RelationName cannot infer result type">'.
  Property 'url_storage' does not exist on type 'SelectQueryError<"Invalid Relationships cannot infer result type">'.
src/modules/documentos/services/documentos-eliminacion.service.ts(369,56): error TS2339: Property 'id' does not exist on type 'SelectQueryError<"Invalid Relationships cannot infer result type"> | SelectQueryError<"Invalid RelationName cannot infer result type">'.
  Property 'id' does not exist on type 'SelectQueryError<"Invalid Relationships cannot infer result type">'.
src/modules/documentos/services/documentos-eliminacion.service.ts(383,65): error TS2339: Property 'url_storage' does not exist on type 'SelectQueryError<"Invalid Relationships cannot infer result type"> | SelectQueryError<"Invalid RelationName cannot infer result type">'.
  Property 'url_storage' does not exist on type 'SelectQueryError<"Invalid Relationships cannot infer result type">'.
src/modules/documentos/services/documentos-eliminacion.service.ts(389,54): error TS2339: Property 'id' does not exist on type 'SelectQueryError<"Invalid Relationships cannot infer result type"> | SelectQueryError<"Invalid RelationName cannot infer result type">'.
  Property 'id' does not exist on type 'SelectQueryError<"Invalid Relationships cannot infer result type">'.
src/modules/documentos/services/documentos-reemplazo.service.ts(86,35): error TS7015: Element implicitly has an 'any' type because index expression is not of type 'number'.
src/modules/documentos/services/documentos-reemplazo.service.ts(95,101): error TS2339: Property 'nombre_archivo' does not exist on type 'SelectQueryError<"Invalid Relationships cannot infer result type"> | SelectQueryError<"Invalid RelationName cannot infer result type">'.
  Property 'nombre_archivo' does not exist on type 'SelectQueryError<"Invalid Relationships cannot infer result type">'.
src/modules/documentos/services/documentos-reemplazo.service.ts(101,29): error TS2339: Property 'url_storage' does not exist on type 'SelectQueryError<"Invalid Relationships cannot infer result type"> | SelectQueryError<"Invalid RelationName cannot infer result type">'.
  Property 'url_storage' does not exist on type 'SelectQueryError<"Invalid Relationships cannot infer result type">'.
src/modules/documentos/services/documentos-reemplazo.service.ts(116,34): error TS2339: Property 'tipo_mime' does not exist on type 'SelectQueryError<"Invalid Relationships cannot infer result type"> | SelectQueryError<"Invalid RelationName cannot infer result type">'.
  Property 'tipo_mime' does not exist on type 'SelectQueryError<"Invalid Relationships cannot infer result type">'.
src/modules/documentos/services/documentos-reemplazo.service.ts(142,27): error TS2339: Property 'url_storage' does not exist on type 'SelectQueryError<"Invalid Relationships cannot infer result type"> | SelectQueryError<"Invalid RelationName cannot infer result type">'.
  Property 'url_storage' does not exist on type 'SelectQueryError<"Invalid Relationships cannot infer result type">'.
src/modules/documentos/services/documentos-reemplazo.service.ts(157,30): error TS2339: Property 'metadata' does not exist on type 'SelectQueryError<"Invalid Relationships cannot infer result type"> | SelectQueryError<"Invalid RelationName cannot infer result type">'.
  Property 'metadata' does not exist on type 'SelectQueryError<"Invalid Relationships cannot infer result type">'.
src/modules/documentos/services/documentos-reemplazo.service.ts(157,65): error TS2339: Property 'metadata' does not exist on type 'SelectQueryError<"Invalid Relationships cannot infer result type"> | SelectQueryError<"Invalid RelationName cannot infer result type">'.
  Property 'metadata' does not exist on type 'SelectQueryError<"Invalid Relationships cannot infer result type">'.
src/modules/documentos/services/documentos-reemplazo.service.ts(158,23): error TS2339: Property 'metadata' does not exist on type 'SelectQueryError<"Invalid Relationships cannot infer result type"> | SelectQueryError<"Invalid RelationName cannot infer result type">'.
  Property 'metadata' does not exist on type 'SelectQueryError<"Invalid Relationships cannot infer result type">'.
src/modules/documentos/services/documentos-reemplazo.service.ts(163,39): error TS2339: Property 'nombre_archivo' does not exist on type 'SelectQueryError<"Invalid Relationships cannot infer result type"> | SelectQueryError<"Invalid RelationName cannot infer result type">'.
  Property 'nombre_archivo' does not exist on type 'SelectQueryError<"Invalid Relationships cannot infer result type">'.
src/modules/documentos/services/documentos-reemplazo.service.ts(165,38): error TS2339: Property 'tamano_bytes' does not exist on type 'SelectQueryError<"Invalid Relationships cannot infer result type"> | SelectQueryError<"Invalid RelationName cannot infer result type">'.
  Property 'tamano_bytes' does not exist on type 'SelectQueryError<"Invalid Relationships cannot infer result type">'.
src/modules/documentos/services/documentos-reemplazo.service.ts(224,23): error TS2552: Cannot find name 'documento'. Did you mean 'documentoId'?
src/modules/documentos/services/documentos-reemplazo.service.ts(225,30): error TS2552: Cannot find name 'documento'. Did you mean 'documentoId'?
src/modules/documentos/services/documentos-reemplazo.service.ts(280,9): error TS2322: Type 'string' is not assignable to type 'TablaAuditable'.
src/modules/documentos/services/documentos-storage.service.ts(57,51): error TS2304: Cannot find name 'BUCKET_NAME'.
src/modules/documentos/services/documentos-storage.service.ts(66,51): error TS2304: Cannot find name 'BUCKET_NAME'.
src/modules/documentos/services/documentos-storage.service.ts(79,57): error TS2304: Cannot find name 'BUCKET_NAME'.
src/modules/documentos/services/documentos-versiones.service.ts(70,42): error TS2339: Property 'documento_padre_id' does not exist on type 'SelectQueryError<"Invalid Relationships cannot infer result type"> | SelectQueryError<"Invalid RelationName cannot infer result type">'.
  Property 'documento_padre_id' does not exist on type 'SelectQueryError<"Invalid Relationships cannot infer result type">'.
src/modules/documentos/services/documentos-versiones.service.ts(80,43): error TS2339: Property 'version' does not exist on type 'SelectQueryError<"Invalid Relationships cannot infer result type"> | SelectQueryError<"Invalid RelationName cannot infer result type">'.
  Property 'version' does not exist on type 'SelectQueryError<"Invalid Relationships cannot infer result type">'.
src/modules/documentos/services/documentos-versiones.service.ts(90,21): error TS2339: Property 'categoria_id' does not exist on type 'SelectQueryError<"Invalid Relationships cannot infer result type"> | SelectQueryError<"Invalid RelationName cannot infer result type">'.
  Property 'categoria_id' does not exist on type 'SelectQueryError<"Invalid Relationships cannot infer result type">'.
src/modules/documentos/services/documentos-versiones.service.ts(94,31): error TS2339: Property 'categoria_id' does not exist on type 'SelectQueryError<"Invalid Relationships cannot infer result type"> | SelectQueryError<"Invalid RelationName cannot infer result type">'.
  Property 'categoria_id' does not exist on type 'SelectQueryError<"Invalid Relationships cannot infer result type">'.
src/modules/documentos/services/documentos-versiones.service.ts(118,33): error TS2339: Property 'categoria_id' does not exist on type 'SelectQueryError<"Invalid Relationships cannot infer result type"> | SelectQueryError<"Invalid RelationName cannot infer result type">'.
  Property 'categoria_id' does not exist on type 'SelectQueryError<"Invalid Relationships cannot infer result type">'.
src/modules/documentos/services/documentos-versiones.service.ts(120,43): error TS2339: Property 'descripcion' does not exist on type 'SelectQueryError<"Invalid Relationships cannot infer result type"> | SelectQueryError<"Invalid RelationName cannot infer result type">'.
  Property 'descripcion' does not exist on type 'SelectQueryError<"Invalid Relationships cannot infer result type">'.
src/modules/documentos/services/documentos-versiones.service.ts(131,32): error TS2339: Property 'metadata' does not exist on type 'SelectQueryError<"Invalid Relationships cannot infer result type"> | SelectQueryError<"Invalid RelationName cannot infer result type">'.
  Property 'metadata' does not exist on type 'SelectQueryError<"Invalid Relationships cannot infer result type">'.
src/modules/documentos/services/documentos-versiones.service.ts(131,69): error TS2339: Property 'metadata' does not exist on type 'SelectQueryError<"Invalid Relationships cannot infer result type"> | SelectQueryError<"Invalid RelationName cannot infer result type">'.
  Property 'metadata' does not exist on type 'SelectQueryError<"Invalid Relationships cannot infer result type">'.
src/modules/documentos/services/documentos-versiones.service.ts(132,25): error TS2339: Property 'metadata' does not exist on type 'SelectQueryError<"Invalid Relationships cannot infer result type"> | SelectQueryError<"Invalid RelationName cannot infer result type">'.
  Property 'metadata' does not exist on type 'SelectQueryError<"Invalid Relationships cannot infer result type">'.
src/modules/documentos/services/documentos-versiones.service.ts(138,54): error TS2339: Property 'fecha_documento' does not exist on type 'SelectQueryError<"Invalid Relationships cannot infer result type"> | SelectQueryError<"Invalid RelationName cannot infer result type">'.
  Property 'fecha_documento' does not exist on type 'SelectQueryError<"Invalid Relationships cannot infer result type">'.
src/modules/documentos/services/documentos-versiones.service.ts(139,58): error TS2339: Property 'fecha_vencimiento' does not exist on type 'SelectQueryError<"Invalid Relationships cannot infer result type"> | SelectQueryError<"Invalid RelationName cannot infer result type">'.
  Property 'fecha_vencimiento' does not exist on type 'SelectQueryError<"Invalid Relationships cannot infer result type">'.
src/modules/documentos/services/documentos-versiones.service.ts(140,34): error TS2339: Property 'es_importante' does not exist on type 'SelectQueryError<"Invalid Relationships cannot infer result type"> | SelectQueryError<"Invalid RelationName cannot infer result type">'.
  Property 'es_importante' does not exist on type 'SelectQueryError<"Invalid Relationships cannot infer result type">'.
src/modules/documentos/services/documentos-versiones.service.ts(142,23): error TS2339: Property 'es_documento_identidad' does not exist on type 'SelectQueryError<"Invalid Relationships cannot infer result type"> | SelectQueryError<"Invalid RelationName cannot infer result type">'.
  Property 'es_documento_identidad' does not exist on type 'SelectQueryError<"Invalid Relationships cannot infer result type">'.
src/modules/documentos/services/documentos-versiones.service.ts(143,45): error TS2339: Property 'es_documento_identidad' does not exist on type 'SelectQueryError<"Invalid Relationships cannot infer result type"> | SelectQueryError<"Invalid RelationName cannot infer result type">'.
  Property 'es_documento_identidad' does not exist on type 'SelectQueryError<"Invalid Relationships cannot infer result type">'.
src/modules/documentos/services/documentos-versiones.service.ts(145,23): error TS2339: Property 'es_escritura_vivienda' does not exist on type 'SelectQueryError<"Invalid Relationships cannot infer result type"> | SelectQueryError<"Invalid RelationName cannot infer result type">'.
  Property 'es_escritura_vivienda' does not exist on type 'SelectQueryError<"Invalid Relationships cannot infer result type">'.
src/modules/documentos/services/documentos-versiones.service.ts(146,44): error TS2339: Property 'es_escritura_vivienda' does not exist on type 'SelectQueryError<"Invalid Relationships cannot infer result type"> | SelectQueryError<"Invalid RelationName cannot infer result type">'.
  Property 'es_escritura_vivienda' does not exist on type 'SelectQueryError<"Invalid Relationships cannot infer result type">'.
src/modules/documentos/services/documentos-versiones.service.ts(148,23): error TS2339: Property 'es_contrato_promesa' does not exist on type 'SelectQueryError<"Invalid Relationships cannot infer result type"> | SelectQueryError<"Invalid RelationName cannot infer result type">'.
  Property 'es_contrato_promesa' does not exist on type 'SelectQueryError<"Invalid Relationships cannot infer result type">'.
src/modules/documentos/services/documentos-versiones.service.ts(149,42): error TS2339: Property 'es_contrato_promesa' does not exist on type 'SelectQueryError<"Invalid Relationships cannot infer result type"> | SelectQueryError<"Invalid RelationName cannot infer result type">'.
  Property 'es_contrato_promesa' does not exist on type 'SelectQueryError<"Invalid Relationships cannot infer result type">'.
src/modules/documentos/services/documentos-versiones.service.ts(191,26): error TS2339: Property 'documento_padre_id' does not exist on type 'SelectQueryError<"Invalid Relationships cannot infer result type"> | SelectQueryError<"Invalid RelationName cannot infer result type">'.
  Property 'documento_padre_id' does not exist on type 'SelectQueryError<"Invalid Relationships cannot infer result type">'.
src/modules/documentos/services/documentos-versiones.service.ts(238,33): error TS2339: Property 'url_storage' does not exist on type 'SelectQueryError<"Invalid Relationships cannot infer result type"> | SelectQueryError<"Invalid RelationName cannot infer result type">'.
  Property 'url_storage' does not exist on type 'SelectQueryError<"Invalid Relationships cannot infer result type">'.
src/modules/documentos/services/documentos-versiones.service.ts(246,61): error TS2339: Property 'nombre_original' does not exist on type 'SelectQueryError<"Invalid Relationships cannot infer result type"> | SelectQueryError<"Invalid RelationName cannot infer result type">'.
  Property 'nombre_original' does not exist on type 'SelectQueryError<"Invalid Relationships cannot infer result type">'.
src/modules/documentos/services/documentos-versiones.service.ts(247,29): error TS2339: Property 'tipo_mime' does not exist on type 'SelectQueryError<"Invalid Relationships cannot infer result type"> | SelectQueryError<"Invalid RelationName cannot infer result type">'.
  Property 'tipo_mime' does not exist on type 'SelectQueryError<"Invalid Relationships cannot infer result type">'.
src/modules/documentos/services/documentos-versiones.service.ts(251,46): error TS2339: Property 'documento_padre_id' does not exist on type 'SelectQueryError<"Invalid Relationships cannot infer result type"> | SelectQueryError<"Invalid RelationName cannot infer result type">'.
  Property 'documento_padre_id' does not exist on type 'SelectQueryError<"Invalid Relationships cannot infer result type">'.
src/modules/documentos/services/documentos-versiones.service.ts(252,46): error TS2339: Property 'nombre_original' does not exist on type 'SelectQueryError<"Invalid Relationships cannot infer result type"> | SelectQueryError<"Invalid RelationName cannot infer result type">'.
  Property 'nombre_original' does not exist on type 'SelectQueryError<"Invalid Relationships cannot infer result type">'.
src/modules/documentos/services/documentos-versiones.service.ts(259,79): error TS2339: Property 'version' does not exist on type 'SelectQueryError<"Invalid Relationships cannot infer result type"> | SelectQueryError<"Invalid RelationName cannot infer result type">'.
  Property 'version' does not exist on type 'SelectQueryError<"Invalid Relationships cannot infer result type">'.
src/modules/documentos/services/documentos-versiones.service.ts(261,23): error TS2339: Property 'fecha_documento' does not exist on type 'SelectQueryError<"Invalid Relationships cannot infer result type"> | SelectQueryError<"Invalid RelationName cannot infer result type">'.
  Property 'fecha_documento' does not exist on type 'SelectQueryError<"Invalid Relationships cannot infer result type">'.
src/modules/documentos/services/documentos-versiones.service.ts(262,23): error TS2339: Property 'fecha_vencimiento' does not exist on type 'SelectQueryError<"Invalid Relationships cannot infer result type"> | SelectQueryError<"Invalid RelationName cannot infer result type">'.
  Property 'fecha_vencimiento' does not exist on type 'SelectQueryError<"Invalid Relationships cannot infer result type">'.
src/modules/documentos/services/documentos-versiones.service.ts(302,17): error TS2339: Property 'es_version_actual' does not exist on type 'SelectQueryError<"Invalid Relationships cannot infer result type"> | SelectQueryError<"Invalid RelationName cannot infer result type">'.
  Property 'es_version_actual' does not exist on type 'SelectQueryError<"Invalid Relationships cannot infer result type">'.
src/modules/documentos/services/documentos-versiones.service.ts(304,31): error TS2339: Property 'documento_padre_id' does not exist on type 'SelectQueryError<"Invalid Relationships cannot infer result type"> | SelectQueryError<"Invalid RelationName cannot infer result type">'.
  Property 'documento_padre_id' does not exist on type 'SelectQueryError<"Invalid Relationships cannot infer result type">'.
src/modules/documentos/services/documentos-versiones.service.ts(335,37): error TS2339: Property 'id' does not exist on type 'SelectQueryError<"Invalid Relationships cannot infer result type"> | SelectQueryError<"Invalid RelationName cannot infer result type">'.
  Property 'id' does not exist on type 'SelectQueryError<"Invalid Relationships cannot infer result type">'.
src/modules/documentos/services/documentos-versiones.service.ts(345,30): error TS2339: Property 'metadata' does not exist on type 'SelectQueryError<"Invalid Relationships cannot infer result type"> | SelectQueryError<"Invalid RelationName cannot infer result type">'.
  Property 'metadata' does not exist on type 'SelectQueryError<"Invalid Relationships cannot infer result type">'.
src/modules/documentos/services/documentos-versiones.service.ts(345,63): error TS2339: Property 'metadata' does not exist on type 'SelectQueryError<"Invalid Relationships cannot infer result type"> | SelectQueryError<"Invalid RelationName cannot infer result type">'.
  Property 'metadata' does not exist on type 'SelectQueryError<"Invalid Relationships cannot infer result type">'.
src/modules/documentos/services/documentos-versiones.service.ts(346,23): error TS2339: Property 'metadata' does not exist on type 'SelectQueryError<"Invalid Relationships cannot infer result type"> | SelectQueryError<"Invalid RelationName cannot infer result type">'.
  Property 'metadata' does not exist on type 'SelectQueryError<"Invalid Relationships cannot infer result type">'.
src/modules/documentos/services/documentos-versiones.service.ts(374,26): error TS2339: Property 'documento_padre_id' does not exist on type 'SelectQueryError<"Invalid Relationships cannot infer result type"> | SelectQueryError<"Invalid RelationName cannot infer result type">'.
  Property 'documento_padre_id' does not exist on type 'SelectQueryError<"Invalid Relationships cannot infer result type">'.
src/modules/documentos/services/documentos-versiones.service.ts(386,20): error TS2339: Property 'version' does not exist on type 'SelectQueryError<"Invalid Relationships cannot infer result type"> | SelectQueryError<"Invalid RelationName cannot infer result type">'.
  Property 'version' does not exist on type 'SelectQueryError<"Invalid Relationships cannot infer result type">'.
src/modules/documentos/services/documentos-versiones.service.ts(405,26): error TS2339: Property 'documento_padre_id' does not exist on type 'SelectQueryError<"Invalid Relationships cannot infer result type"> | SelectQueryError<"Invalid RelationName cannot infer result type">'.
  Property 'documento_padre_id' does not exist on type 'SelectQueryError<"Invalid Relationships cannot infer result type">'.
src/modules/fuentes-pago/components/BannerValidacionFuente.tsx(170,15): error TS2769: No overload matches this call.
  Overload 1 of 2, '(relation: "abonos_historial" | "fuentes_pago" | "negociaciones" | "audit_log" | "audit_log_seguridad" | "categorias_documento" | "cliente_intereses" | "clientes" | "proyectos" | ... 25 more ... | "viviendas_historial_matriculas"): PostgrestQueryBuilder<...>', gave the following error.
    Argument of type '"vista_estado_validacion_fuentes"' is not assignable to parameter of type '"abonos_historial" | "fuentes_pago" | "negociaciones" | "audit_log" | "audit_log_seguridad" | "categorias_documento" | "cliente_intereses" | "clientes" | "proyectos" | "viviendas" | ... 24 more ... | "viviendas_historial_matriculas"'.
  Overload 2 of 2, '(relation: "fuentes_pago_con_entidad" | "negociaciones_con_version_actual" | "v_negociaciones_completas" | "vista_descuentos_aplicados" | "v_renuncias_pendientes" | "vista_abonos_completos" | ... 9 more ... | "vista_documentos_pendientes_fuentes"): PostgrestQueryBuilder<...>', gave the following error.
    Argument of type '"vista_estado_validacion_fuentes"' is not assignable to parameter of type '"fuentes_pago_con_entidad" | "negociaciones_con_version_actual" | "v_negociaciones_completas" | "vista_descuentos_aplicados" | "v_renuncias_pendientes" | "vista_abonos_completos" | ... 9 more ... | "vista_documentos_pendientes_fuentes"'.
src/modules/fuentes-pago/components/BannerValidacionFuente.tsx(176,14): error TS2352: Conversion of type '{ carta_aprobacion_url: string | null; carta_asignacion_url: string | null; entidad: string | null; entidad_financiera_id: string | null; estado: string; estado_documentacion: string | null; ... 19 more ...; version_negociacion: number; } | ... 33 more ... | { ...; }' to type 'EstadoValidacion' may be a mistake because neither type sufficiently overlaps with the other. If this was intentional, convert the expression to 'unknown' first.
  Type '{ abonos_snapshot: Json; created_at: string | null; documentos_snapshot: Json; fecha_cambio: string | null; id: string; matricula_anterior: string; matricula_nueva: string; ... 4 more ...; vivienda_id: string; }' is missing the following properties from type 'EstadoValidacion': puede_desembolsar, total_pasos, pasos_completados, pasos_obligatorios, and 4 more.
src/modules/fuentes-pago/components/FuentePagoCard.tsx(189,19): error TS2322: Type '{ tiene_documento: boolean; documento_id: string | undefined; documento?: { id: string; titulo: string; url_storage: string; fecha_documento: string; } | undefined; categoria_documento_requerida: string | null; ... 14 more ...; usuario_completado: string | null; }[]' is not assignable to type 'Paso[]'.
  Type '{ tiene_documento: boolean; documento_id: string | undefined; documento?: { id: string; titulo: string; url_storage: string; fecha_documento: string; }; ... 15 more ...; usuario_completado: string | null; }' is not assignable to type 'Paso'.
    Types of property 'descripcion' are incompatible.
      Type 'string | null' is not assignable to type 'string | undefined'.
        Type 'null' is not assignable to type 'string | undefined'.
src/modules/fuentes-pago/components/FuentePagoCard.tsx(190,19): error TS2741: Property 'total' is missing in type 'ProgresoFuentePago' but required in type 'Progreso'.
src/modules/fuentes-pago/components/FuentePagoCard.tsx(191,19): error TS2322: Type 'ValidacionPreDesembolso | undefined' is not assignable to type 'NivelValidacion'.
  Type 'undefined' is not assignable to type 'NivelValidacion'.
src/modules/fuentes-pago/components/FuentePagoCard.tsx(211,13): error TS2322: Type '{ clienteId: string; categoria: string; metadata: { fuente_pago_id: string; paso_id: any; tipo_fuente: string; paso_nombre: any; }; onSuccess: () => void; onCancel: () => void; }' is not assignable to type 'IntrinsicAttributes & DocumentoUploadProps'.
  Property 'clienteId' does not exist on type 'IntrinsicAttributes & DocumentoUploadProps'.
src/modules/fuentes-pago/components/FuentePagoCardRefactored.tsx(190,19): error TS2322: Type '{ tiene_documento: boolean; documento_id: string | undefined; documento?: { id: string; titulo: string; url_storage: string; fecha_documento: string; } | undefined; categoria_documento_requerida: string | null; ... 14 more ...; usuario_completado: string | null; }[]' is not assignable to type 'Paso[]'.
  Type '{ tiene_documento: boolean; documento_id: string | undefined; documento?: { id: string; titulo: string; url_storage: string; fecha_documento: string; }; ... 15 more ...; usuario_completado: string | null; }' is not assignable to type 'Paso'.
    Types of property 'descripcion' are incompatible.
      Type 'string | null' is not assignable to type 'string | undefined'.
        Type 'null' is not assignable to type 'string | undefined'.
src/modules/fuentes-pago/components/FuentePagoCardRefactored.tsx(191,19): error TS2741: Property 'total' is missing in type 'ProgresoFuentePago' but required in type 'Progreso'.
src/modules/fuentes-pago/components/FuentePagoCardRefactored.tsx(192,19): error TS2322: Type 'ValidacionPreDesembolso | undefined' is not assignable to type 'NivelValidacion'.
  Type 'undefined' is not assignable to type 'NivelValidacion'.
src/modules/fuentes-pago/components/FuentePagoCardRefactored.tsx(212,13): error TS2322: Type '{ clienteId: string; categoria: string; metadata: { fuente_pago_id: string; paso_id: any; tipo_fuente: string; paso_nombre: any; }; onSuccess: () => void; onCancel: () => void; }' is not assignable to type 'IntrinsicAttributes & DocumentoUploadProps'.
  Property 'clienteId' does not exist on type 'IntrinsicAttributes & DocumentoUploadProps'.
src/modules/proyectos/hooks/useDocumentoVersiones.ts(134,36): error TS2554: Expected 2 arguments, but got 1.
src/modules/proyectos/hooks/useDocumentoVersiones.ts(200,65): error TS2554: Expected 2 arguments, but got 1.
src/modules/proyectos/services/proyectos.service.ts(688,30): error TS2304: Cannot find name 'EstadoProyecto'.
src/modules/viviendas/components/nueva-vivienda-view.tsx(87,5): error TS2322: Type '(data: ViviendaFormData) => Promise<Vivienda>' is not assignable to type '(data: ViviendaFormData) => Promise<void>'.
  Type 'Promise<Vivienda>' is not assignable to type 'Promise<void>'.
    Type 'Vivienda' is not assignable to type 'void'.
src/modules/viviendas/components/nueva-vivienda-view.tsx(302,29): error TS2322: Type '{ key: string; register: UseFormRegister<{ proyecto_id: string; manzana_id: string; numero: string; lindero_norte: string; lindero_sur: string; lindero_oriente: string; lindero_occidente: string; matricula_inmobiliaria: string; ... 7 more ...; certificado_tradicion_file?: File | undefined; }>; errors: FieldErrors<.....' is not assignable to type 'IntrinsicAttributes & PasoLegalProps'.
  Property 'setValue' does not exist on type 'IntrinsicAttributes & PasoLegalProps'.
src/modules/viviendas/hooks/useDocumentosVivienda.ts(132,52): error TS2551: Property 'descargarDocumento' does not exist on type 'DocumentosViviendaService'. Did you mean 'restaurarDocumento'?
src/modules/viviendas/hooks/useDocumentosVivienda.ts(162,51): error TS2339: Property 'obtenerUrlFirmada' does not exist on type 'DocumentosViviendaService'.
src/modules/viviendas/hooks/useDocumentosVivienda.ts(222,33): error TS2339: Property 'obtenerEstadisticas' does not exist on type 'DocumentosViviendaService'.
src/modules/viviendas/hooks/useDocumentoUploadVivienda.ts(119,41): error TS2345: Argument of type '{ archivo: File; categoriaId: string; titulo: string; descripcion: string | undefined; }' is not assignable to parameter of type '{ archivo: File; titulo: string; descripcion?: string | undefined; categoriaId?: string | undefined; fechaDocumento?: string | undefined; fechaVencimiento?: string | undefined; esImportante?: boolean | undefined; userId: string; }'.
  Property 'userId' is missing in type '{ archivo: File; categoriaId: string; titulo: string; descripcion: string | undefined; }' but required in type '{ archivo: File; titulo: string; descripcion?: string | undefined; categoriaId?: string | undefined; fechaDocumento?: string | undefined; fechaVencimiento?: string | undefined; esImportante?: boolean | undefined; userId: string; }'.
src/modules/viviendas/hooks/useEditarVivienda.ts(99,5): error TS2719: Type 'import("D:/constructoraRyRapp/constructoraRyRapp/node_modules/react-hook-form/dist/types/resolvers").Resolver<{ proyecto_id: string; manzana_id: string; numero: string; lindero_norte: string; lindero_sur: string; lindero_oriente: string; lindero_occidente: string; matricula_inmobiliaria: string; ... 6 more ...; reca...' is not assignable to type 'import("D:/constructoraRyRapp/constructoraRyRapp/node_modules/react-hook-form/dist/types/resolvers").Resolver<{ proyecto_id: string; manzana_id: string; numero: string; lindero_norte: string; lindero_sur: string; lindero_oriente: string; lindero_occidente: string; matricula_inmobiliaria: string; ... 6 more ...; reca...'. Two different types with this name exist, but they are unrelated.
  Types of parameters 'values' and 'values' are incompatible.
    Type '{ proyecto_id: string; manzana_id: string; numero: string; lindero_norte: string; lindero_sur: string; lindero_oriente: string; lindero_occidente: string; matricula_inmobiliaria: string; ... 6 more ...; recargo_esquinera?: number | undefined; }' is not assignable to type '{ proyecto_id: string; manzana_id: string; numero: string; lindero_norte: string; lindero_sur: string; lindero_oriente: string; lindero_occidente: string; matricula_inmobiliaria: string; ... 6 more ...; recargo_esquinera?: number | undefined; }'. Two different types with this name exist, but they are unrelated.
      Types of property 'area_lote' are incompatible.
        Type 'number' is not assignable to type 'string'.
src/modules/viviendas/hooks/useEditarVivienda.ts(111,7): error TS2322: Type 'string' is not assignable to type 'number'.
src/modules/viviendas/hooks/useEditarVivienda.ts(112,7): error TS2322: Type 'string' is not assignable to type 'number'.
src/modules/viviendas/hooks/useEditarVivienda.ts(135,9): error TS2322: Type 'string' is not assignable to type 'number'.
src/modules/viviendas/hooks/useEditarVivienda.ts(136,9): error TS2322: Type 'string' is not assignable to type 'number'.
src/modules/viviendas/hooks/useNuevaVivienda.ts(111,5): error TS2345: Argument of type 'ZodCoercedNumber<unknown>' is not assignable to parameter of type '$ZodType<any, string | number, $ZodTypeInternals<any, string | number>>'.
  The types of '_zod.input' are incompatible between these types.
    Type 'unknown' is not assignable to type 'string | number'.
src/modules/viviendas/hooks/useNuevaVivienda.ts(118,5): error TS2345: Argument of type 'ZodCoercedNumber<unknown>' is not assignable to parameter of type '$ZodType<any, string | number, $ZodTypeInternals<any, string | number>>'.
  The types of '_zod.input' are incompatible between these types.
    Type 'unknown' is not assignable to type 'string | number'.
src/modules/viviendas/hooks/useNuevaVivienda.ts(274,5): error TS2322: Type 'Resolver<{ proyecto_id: string; manzana_id: string; numero: string; lindero_norte: string; lindero_sur: string; lindero_oriente: string; lindero_occidente: string; matricula_inmobiliaria: string; ... 7 more ...; recargo_esquinera?: string | ... 1 more ... | undefined; }, any, { ...; }>' is not assignable to type 'Resolver<{ proyecto_id: string; manzana_id: string; numero: string; lindero_norte: string; lindero_sur: string; lindero_oriente: string; lindero_occidente: string; matricula_inmobiliaria: string; ... 7 more ...; certificado_tradicion_file?: File | undefined; }, any, { ...; }>'.
  Types of parameters 'values' and 'values' are incompatible.
    Type '{ proyecto_id: string; manzana_id: string; numero: string; lindero_norte: string; lindero_sur: string; lindero_oriente: string; lindero_occidente: string; matricula_inmobiliaria: string; ... 7 more ...; certificado_tradicion_file?: File | undefined; }' is not assignable to type '{ proyecto_id: string; manzana_id: string; numero: string; lindero_norte: string; lindero_sur: string; lindero_oriente: string; lindero_occidente: string; matricula_inmobiliaria: string; ... 7 more ...; recargo_esquinera?: string | ... 1 more ... | undefined; }'.
      Types of property 'area_lote' are incompatible.
        Type 'number' is not assignable to type 'string'.
src/modules/viviendas/hooks/useNuevaVivienda.ts(286,7): error TS2322: Type 'string' is not assignable to type 'number'.
src/modules/viviendas/hooks/useNuevaVivienda.ts(287,7): error TS2322: Type 'string' is not assignable to type 'number'.
src/modules/viviendas/hooks/useNuevaVivienda.ts(597,32): error TS2345: Argument of type '(data: ViviendaFormSchema) => Promise<void>' is not assignable to parameter of type 'SubmitHandler<TFieldValues>'.
  Types of parameters 'data' and 'data' are incompatible.
    Type 'TFieldValues' is not assignable to type '{ proyecto_id: string; manzana_id: string; numero: string; lindero_norte: string; lindero_sur: string; lindero_oriente: string; lindero_occidente: string; matricula_inmobiliaria: string; ... 7 more ...; certificado_tradicion_file?: File | undefined; }'.
      Type 'FieldValues' is missing the following properties from type '{ proyecto_id: string; manzana_id: string; numero: string; lindero_norte: string; lindero_sur: string; lindero_oriente: string; lindero_occidente: string; matricula_inmobiliaria: string; ... 7 more ...; certificado_tradicion_file?: File | undefined; }': proyecto_id, manzana_id, numero, lindero_norte, and 11 more.
src/modules/viviendas/hooks/useViviendas.ts(26,91): error TS2345: Argument of type 'FiltrosViviendas | {}' is not assignable to parameter of type 'FiltrosViviendas | undefined'.
  Type '{}' is missing the following properties from type 'FiltrosViviendas': search, proyecto_id, estado
src/modules/viviendas/hooks/useViviendas.ts(48,5): error TS2322: Type 'Vivienda[]' is not assignable to type '{ area: number; area_construida: number | null; area_lote: number | null; certificado_tradicion_url: string | null; cliente_id: string | null; contador_desactivaciones: number | null; ... 26 more ...; valor_total: number | null; }[]'.
  Type 'Vivienda' is missing the following properties from type '{ area: number; area_construida: number | null; area_lote: number | null; certificado_tradicion_url: string | null; cliente_id: string | null; contador_desactivaciones: number | null; ... 26 more ...; valor_total: number | null; }': area, contador_desactivaciones, fecha_inactivacion, fecha_reactivacion, and 4 more.
src/modules/viviendas/hooks/useViviendasQuery.ts(287,3): error TS2322: Type '{ esUnica: boolean; viviendaDuplicada?: { numero: string; manzana: string; } | undefined; }' is not assignable to type 'boolean'.
src/modules/viviendas/services/documentos-vivienda.service.ts(7,15): error TS2305: Module '"@/modules/documentos/types/documento.types"' has no exported member 'SubirDocumentoParams'.
src/modules/viviendas/services/documentos-vivienda.service.ts(7,37): error TS2305: Module '"@/modules/documentos/types/documento.types"' has no exported member 'ActualizarDocumentoParams'.
src/modules/viviendas/services/documentos/documentos-eliminacion.service.ts(243,61): error TS2304: Cannot find name 'errorJoins'.
src/modules/viviendas/services/viviendas-conflictos.service.ts(107,15): error TS2769: No overload matches this call.
  Overload 1 of 2, '(relation: "abonos_historial" | "fuentes_pago" | "negociaciones" | "audit_log" | "audit_log_seguridad" | "categorias_documento" | "cliente_intereses" | "clientes" | "proyectos" | ... 25 more ... | "viviendas_historial_matriculas"): PostgrestQueryBuilder<...>', gave the following error.
    Argument of type '"abonos"' is not assignable to parameter of type '"abonos_historial" | "fuentes_pago" | "negociaciones" | "audit_log" | "audit_log_seguridad" | "categorias_documento" | "cliente_intereses" | "clientes" | "proyectos" | "viviendas" | ... 24 more ... | "viviendas_historial_matriculas"'.
  Overload 2 of 2, '(relation: "fuentes_pago_con_entidad" | "negociaciones_con_version_actual" | "v_negociaciones_completas" | "vista_descuentos_aplicados" | "v_renuncias_pendientes" | "vista_abonos_completos" | ... 9 more ... | "vista_documentos_pendientes_fuentes"): PostgrestQueryBuilder<...>', gave the following error.
    Argument of type '"abonos"' is not assignable to parameter of type '"fuentes_pago_con_entidad" | "negociaciones_con_version_actual" | "v_negociaciones_completas" | "vista_descuentos_aplicados" | "v_renuncias_pendientes" | "vista_abonos_completos" | ... 9 more ... | "vista_documentos_pendientes_fuentes"'.
src/modules/viviendas/services/viviendas-conflictos.service.ts(130,33): error TS2339: Property 'direccion' does not exist on type '{ area: number; area_construida: number | null; area_lote: number | null; certificado_tradicion_url: string | null; cliente_id: string | null; contador_desactivaciones: number | null; ... 26 more ...; valor_total: number | null; }'.
src/modules/viviendas/services/viviendas-conflictos.service.ts(154,31): error TS2339: Property 'direccion' does not exist on type '{ area: number; area_construida: number | null; area_lote: number | null; certificado_tradicion_url: string | null; cliente_id: string | null; contador_desactivaciones: number | null; ... 26 more ...; valor_total: number | null; }'.
src/modules/viviendas/services/viviendas-conflictos.service.ts(211,56): error TS2339: Property 'direccion' does not exist on type '{ area: number; area_construida: number | null; area_lote: number | null; certificado_tradicion_url: string | null; cliente_id: string | null; contador_desactivaciones: number | null; ... 26 more ...; valor_total: number | null; }'.
src/modules/viviendas/services/viviendas-conflictos.service.ts(215,60): error TS2339: Property 'descripcion' does not exist on type '{ area: number; area_construida: number | null; area_lote: number | null; certificado_tradicion_url: string | null; cliente_id: string | null; contador_desactivaciones: number | null; ... 26 more ...; valor_total: number | null; }'.
src/modules/viviendas/services/viviendas-conflictos.service.ts(228,58): error TS2769: No overload matches this call.
  Overload 1 of 2, '(values: { created_at?: string | null | undefined; estado_anterior: string; estado_nuevo: string; fecha_cambio?: string | null | undefined; id?: string | undefined; metadata?: Json | undefined; motivo: string; usuario_id?: string | ... 1 more ... | undefined; vivienda_id: string; }, options?: { ...; } | undefined): PostgrestFilterBuilder<...>', gave the following error.
    Type '{ tipo_operacion: string; datos_anteriores: { numero: string; matricula: string | null; direccion: any; }; datos_nuevos: NuevosDatosVivienda; }' is not assignable to type 'Json | undefined'.
      Types of property 'datos_nuevos' are incompatible.
        Type 'NuevosDatosVivienda' is not assignable to type 'Json | undefined'.
          Type 'NuevosDatosVivienda' is not assignable to type '{ [key: string]: Json | undefined; }'.
            Index signature for type 'string' is missing in type 'NuevosDatosVivienda'.
  Overload 2 of 2, '(values: { created_at?: string | null | undefined; estado_anterior: string; estado_nuevo: string; fecha_cambio?: string | null | undefined; id?: string | undefined; metadata?: Json | undefined; motivo: string; usuario_id?: string | ... 1 more ... | undefined; vivienda_id: string; }[], options?: { ...; } | undefined): PostgrestFilterBuilder<...>', gave the following error.
    Object literal may only specify known properties, and 'vivienda_id' does not exist in type '{ created_at?: string | null | undefined; estado_anterior: string; estado_nuevo: string; fecha_cambio?: string | null | undefined; id?: string | undefined; metadata?: Json | undefined; motivo: string; usuario_id?: string | ... 1 more ... | undefined; vivienda_id: string; }[]'.
src/modules/viviendas/services/viviendas-conflictos.service.ts(239,33): error TS2339: Property 'direccion' does not exist on type '{ area: number; area_construida: number | null; area_lote: number | null; certificado_tradicion_url: string | null; cliente_id: string | null; contador_desactivaciones: number | null; ... 26 more ...; valor_total: number | null; }'.
src/modules/viviendas/services/viviendas-conflictos.service.ts(246,14): error TS2352: Conversion of type '{ area: number; area_construida: number | null; area_lote: number | null; certificado_tradicion_url: string | null; cliente_id: string | null; contador_desactivaciones: number | null; ... 26 more ...; valor_total: number | null; }' to type 'Vivienda' may be a mistake because neither type sufficiently overlaps with the other. If this was intentional, convert the expression to 'unknown' first.
  Types of property 'fecha_creacion' are incompatible.
    Type 'string | null' is not comparable to type 'Date'.
      Type 'string' is not comparable to type 'Date'.
src/modules/viviendas/services/viviendas-inactivacion.service.ts(91,15): error TS2769: No overload matches this call.
  Overload 1 of 2, '(relation: "abonos_historial" | "fuentes_pago" | "negociaciones" | "audit_log" | "audit_log_seguridad" | "categorias_documento" | "cliente_intereses" | "clientes" | "proyectos" | ... 25 more ... | "viviendas_historial_matriculas"): PostgrestQueryBuilder<...>', gave the following error.
    Argument of type '"abonos"' is not assignable to parameter of type '"abonos_historial" | "fuentes_pago" | "negociaciones" | "audit_log" | "audit_log_seguridad" | "categorias_documento" | "cliente_intereses" | "clientes" | "proyectos" | "viviendas" | ... 24 more ... | "viviendas_historial_matriculas"'.
  Overload 2 of 2, '(relation: "fuentes_pago_con_entidad" | "negociaciones_con_version_actual" | "v_negociaciones_completas" | "vista_descuentos_aplicados" | "v_renuncias_pendientes" | "vista_abonos_completos" | ... 9 more ... | "vista_documentos_pendientes_fuentes"): PostgrestQueryBuilder<...>', gave the following error.
    Argument of type '"abonos"' is not assignable to parameter of type '"fuentes_pago_con_entidad" | "negociaciones_con_version_actual" | "v_negociaciones_completas" | "vista_descuentos_aplicados" | "v_renuncias_pendientes" | "vista_abonos_completos" | ... 9 more ... | "vista_documentos_pendientes_fuentes"'.
src/modules/viviendas/services/viviendas-inactivacion.service.ts(98,70): error TS2339: Property 'monto_abono' does not exist on type 'SelectQueryError<"column 'monto_abono' does not exist on 'abonos_historial'."> | SelectQueryError<"column 'monto_abono' does not exist on 'fuentes_pago'."> | ... 32 more ... | SelectQueryError<...>'.
  Property 'monto_abono' does not exist on type 'SelectQueryError<"column 'monto_abono' does not exist on 'abonos_historial'.">'.
src/modules/viviendas/services/viviendas-inactivacion.service.ts(243,20): error TS2339: Property 'proyectos' does not exist on type 'SelectQueryError<"column 'proyecto_id' does not exist on 'viviendas'.">'.
src/modules/viviendas/services/viviendas-inactivacion.service.ts(243,53): error TS2339: Property 'proyectos' does not exist on type 'SelectQueryError<"column 'proyecto_id' does not exist on 'viviendas'.">'.
src/modules/viviendas/services/viviendas-inactivacion.service.ts(257,36): error TS2339: Property 'manzana_id' does not exist on type 'SelectQueryError<"column 'proyecto_id' does not exist on 'viviendas'.">'.
src/modules/viviendas/services/viviendas-inactivacion.service.ts(258,32): error TS2339: Property 'numero' does not exist on type 'SelectQueryError<"column 'proyecto_id' does not exist on 'viviendas'.">'.
src/modules/viviendas/services/viviendas-inactivacion.service.ts(268,74): error TS2339: Property 'numero' does not exist on type 'SelectQueryError<"column 'proyecto_id' does not exist on 'viviendas'.">'.
src/modules/viviendas/services/viviendas-validacion.service.ts(42,3): error TS2344: Type '"descripcion" | "direccion" | "area_construida" | "area_lote" | "matricula_inmobiliaria" | "numero" | "valor_base"' does not satisfy the constraint 'keyof Vivienda'.
  Type '"descripcion"' is not assignable to type 'keyof Vivienda'.
src/modules/viviendas/services/viviendas-validacion.service.ts(110,23): error TS2339: Property 'fecha_firma_minuta' does not exist on type 'SelectQueryError<"column 'fecha_firma_minuta' does not exist on 'negociaciones'.">'.
src/modules/viviendas/services/viviendas-validacion.service.ts(110,86): error TS2339: Property 'estado' does not exist on type 'SelectQueryError<"column 'fecha_firma_minuta' does not exist on 'negociaciones'.">'.
src/modules/viviendas/services/viviendas-validacion.service.ts(111,43): error TS2339: Property 'clientes' does not exist on type 'SelectQueryError<"column 'fecha_firma_minuta' does not exist on 'negociaciones'.">'.
src/modules/viviendas/services/viviendas-validacion.service.ts(112,28): error TS2339: Property 'clientes' does not exist on type 'SelectQueryError<"column 'fecha_firma_minuta' does not exist on 'negociaciones'.">'.
src/modules/viviendas/services/viviendas-validacion.service.ts(112,60): error TS2339: Property 'clientes' does not exist on type 'SelectQueryError<"column 'fecha_firma_minuta' does not exist on 'negociaciones'.">'.
src/modules/viviendas/services/viviendas-validacion.service.ts(117,37): error TS2339: Property 'fecha_firma_minuta' does not exist on type 'SelectQueryError<"column 'fecha_firma_minuta' does not exist on 'negociaciones'.">'.
src/modules/viviendas/services/viviendas-validacion.service.ts(118,71): error TS2339: Property 'fecha_firma_minuta' does not exist on type 'SelectQueryError<"column 'fecha_firma_minuta' does not exist on 'negociaciones'.">'.
src/modules/viviendas/services/viviendas-validacion.service.ts(119,52): error TS2339: Property 'estado' does not exist on type 'SelectQueryError<"column 'fecha_firma_minuta' does not exist on 'negociaciones'.">'.
src/modules/viviendas/services/viviendas-validacion.service.ts(121,29): error TS2339: Property 'id' does not exist on type 'SelectQueryError<"column 'fecha_firma_minuta' does not exist on 'negociaciones'.">'.
src/modules/viviendas/services/viviendas-validacion.service.ts(122,33): error TS2339: Property 'estado' does not exist on type 'SelectQueryError<"column 'fecha_firma_minuta' does not exist on 'negociaciones'.">'.
src/modules/viviendas/services/viviendas-validacion.service.ts(123,45): error TS2339: Property 'fecha_firma_minuta' does not exist on type 'SelectQueryError<"column 'fecha_firma_minuta' does not exist on 'negociaciones'.">'.
src/modules/viviendas/services/viviendas-validacion.service.ts(140,41): error TS2339: Property 'clientes' does not exist on type 'SelectQueryError<"column 'fecha_firma_minuta' does not exist on 'negociaciones'.">'.
src/modules/viviendas/services/viviendas-validacion.service.ts(141,26): error TS2339: Property 'clientes' does not exist on type 'SelectQueryError<"column 'fecha_firma_minuta' does not exist on 'negociaciones'.">'.
src/modules/viviendas/services/viviendas-validacion.service.ts(141,58): error TS2339: Property 'clientes' does not exist on type 'SelectQueryError<"column 'fecha_firma_minuta' does not exist on 'negociaciones'.">'.
src/modules/viviendas/services/viviendas-validacion.service.ts(148,27): error TS2339: Property 'id' does not exist on type 'SelectQueryError<"column 'fecha_firma_minuta' does not exist on 'negociaciones'.">'.
src/modules/viviendas/services/viviendas-validacion.service.ts(149,31): error TS2339: Property 'estado' does not exist on type 'SelectQueryError<"column 'fecha_firma_minuta' does not exist on 'negociaciones'.">'.
src/modules/viviendas/services/viviendas-validacion.service.ts(150,43): error TS2339: Property 'fecha_firma_minuta' does not exist on type 'SelectQueryError<"column 'fecha_firma_minuta' does not exist on 'negociaciones'.">'.
src/modules/viviendas/services/viviendas.service.ts(251,11): error TS2322: Type 'string | null' is not assignable to type 'string | undefined'.
  Type 'null' is not assignable to type 'string | undefined'.
src/modules/viviendas/services/viviendas.service.ts(252,11): error TS2322: Type 'string | null' is not assignable to type 'string | undefined'.
  Type 'null' is not assignable to type 'string | undefined'.
src/modules/viviendas/services/viviendas.service.ts(376,7): error TS2322: Type 'number | null' is not assignable to type 'number | undefined'.
  Type 'null' is not assignable to type 'number | undefined'.
src/modules/viviendas/services/viviendas.service.ts(377,32): error TS2769: No overload matches this call.
  Overload 1 of 4, '(value: string | number | Date): Date', gave the following error.
    Argument of type 'string | null' is not assignable to parameter of type 'string | number | Date'.
      Type 'null' is not assignable to type 'string | number | Date'.
  Overload 2 of 4, '(value: string | number): Date', gave the following error.
    Argument of type 'string | null' is not assignable to parameter of type 'string | number'.
      Type 'null' is not assignable to type 'string | number'.
src/modules/viviendas/services/viviendas.service.ts(378,37): error TS2769: No overload matches this call.
  Overload 1 of 4, '(value: string | number | Date): Date', gave the following error.
    Argument of type 'string | null' is not assignable to parameter of type 'string | number | Date'.
      Type 'null' is not assignable to type 'string | number | Date'.
  Overload 2 of 4, '(value: string | number): Date', gave the following error.
    Argument of type 'string | null' is not assignable to parameter of type 'string | number'.
      Type 'null' is not assignable to type 'string | number'.
src/modules/viviendas/services/viviendas.service.ts(399,12): error TS2769: No overload matches this call.
  Overload 1 of 2, '(values: { categoria_id?: string | null | undefined; descripcion?: string | null | undefined; documento_padre_id?: string | null | undefined; es_importante?: boolean | null | undefined; ... 22 more ...; vivienda_id: string; }, options?: { ...; } | undefined): PostgrestFilterBuilder<...>', gave the following error.
    Type 'string | null' is not assignable to type 'string'.
      Type 'null' is not assignable to type 'string'.
  Overload 2 of 2, '(values: { categoria_id?: string | null | undefined; descripcion?: string | null | undefined; documento_padre_id?: string | null | undefined; es_importante?: boolean | null | undefined; ... 22 more ...; vivienda_id: string; }[], options?: { ...; } | undefined): PostgrestFilterBuilder<...>', gave the following error.
    Object literal may only specify known properties, and 'vivienda_id' does not exist in type '{ categoria_id?: string | null | undefined; descripcion?: string | null | undefined; documento_padre_id?: string | null | undefined; es_importante?: boolean | null | undefined; es_version_actual?: boolean | undefined; ... 21 more ...; vivienda_id: string; }[]'.
src/modules/viviendas/services/viviendas.service.ts(445,32): error TS2552: Cannot find name 'sanitizeViviendaUpdate'. Did you mean 'sanitizeViviendaFormData'?
